2026-05-25T02:04:15	Al Aweer 1, Al Aweer Dubai	city=Dubai, community=Al Aweer, subcommunity=Al Aweer 1	Al Aweer 1	['Al Aweer 1', 'Dubai', 'Al Aweer']
2026-05-25T02:04:40	Commercial Building 1, Dubai Studio City	city=Dubai, community=Dubai Studio City, property=Commercial Building 1	Building 1	['Dubai Studio City', 'Dubai', 'Building 1']
2026-05-25T02:05:05	Al Shaiba Building, Dubai Outsource Zone	city=Dubai, community=Dubai Outsource Zone, property=Al Shaiba Building	Dubai Outsource Zone	['Dubai Outsource Zone', 'Dubai', 'Al Shaya Building']
2026-05-25T02:05:50	Residence 25, District One MBR	city=Dubai, community=District One, subcommunity=Mohammed Bin Rashid City, property=Residence 25	Residence 25	['Residence 25', 'Dubai', 'Grand Mosque District']
2026-05-25T02:06:55	Mulberry 1, Dubai Hills Estate	city=Dubai, community=Dubai Hills Estate, subcommunity=Mulberry, property=Mulberry 1	Mulberry 1	['Mulberry 1', 'Dubai', 'Maple 1']
2026-05-25T02:07:18	Mulberry 2, Dubai Hills Estate	city=Dubai, community=Dubai Hills Estate, subcommunity=Mulberry, property=Mulberry 2	Mulberry 2	['Mulberry 2', 'Dubai', 'Residences 2']
2026-05-25T02:07:42	Maple 1, Dubai Hills Estate	city=Dubai, community=Dubai Hills Estate, subcommunity=Maple 1	Maple at Dubai Hills Estate	['Dubai Hills Estate', 'Dubai', 'Maple at Dubai Hills Estate']
2026-05-25T02:08:14	Acacia A, Dubai Hills Estate	city=Dubai, community=Dubai Hills Estate, subcommunity=Acacia, property=Acacia A	Acacia A	['Acacia A', 'Dubai', 'Acacia Avenues']
2026-05-25T02:08:58	Acacia B, Dubai Hills Estate	city=Dubai, community=Dubai Hills Estate, subcommunity=Acacia, property=Acacia B	Acacia B	['Acacia B', 'Dubai', 'Acacia Avenues']
2026-05-25T02:09:19	Acacia C, Dubai Hills Estate	city=Dubai, community=Dubai Hills Estate, subcommunity=Acacia, property=Acacia C	Acacia C	['Acacia C', 'Dubai', 'Acacia Avenues']
2026-05-25T02:09:42	Mira Oasis 2, Reem Dubai	city=Dubai, community=Reem, subcommunity=Mira Oasis 2	Reem	['Reem', 'Dubai', 'Al Reem Island']
2026-05-25T02:10:57	360 Riverside Crescent, MBR City Dubai	city=Dubai, community=MBR City, property=360 Riverside Crescent	360 Riverside Crescent	['360 Riverside Crescent', 'Dubai', 'Mohammed Bin Rashid City']
2026-05-25T02:11:33	430 Riverside Crescent, Mohammed Bin Rashid City	city=Dubai, community=Mohammed Bin Rashid City, property=430 Riverside Crescent	430 Riverside Crescent	['430 Riverside Crescent', 'Mohammed Bin Rashid City', 'Dubai']
2026-05-25T02:11:50	310 Riverside Crescent, MBR City	city=Dubai, community=MBR City, property=310 Riverside Crescent	310 Riverside Crescent	['310 Riverside Crescent', 'Dubai', 'Mohammed Bin Rashid City']
2026-05-25T02:12:07	Ellington House I, Dubai Hills Estate	city=Dubai, community=Dubai Hills Estate, property=Ellington House I	Dubai Hills Estate	['Dubai Hills Estate', 'Dubai', 'Dubai Hills']
2026-05-25T02:12:26	Crest Grande, Sobha Hartland, MBR City	city=Dubai, community=MBR City, subcommunity=Sobha Hartland, property=Crest Grande	Crest Grande	['Crest Grande', 'Crest Grande Tower A', 'Crest Grande Tower B']
2026-05-25T02:12:56	Club Drive tower, Dubai Hills Estate	city=Dubai, community=Dubai Hills Estate, property=Club Drive	Club Drive	['Dubai Hills Estate', 'Dubai', 'Club Drive']
2026-05-25T02:13:45	park heights dubai hills	city=Dubai, community=Dubai Hills Estate, subcommunity=Park Heights	Park Heights	['Park Heights', 'Dubai', 'Art Heights']
2026-05-25T02:14:12	arabian ranches 3, caya subcomm	city=Dubai, community=Arabian Ranches 3, subcommunity=Caya	Caya	['Caya', 'Arabian Ranches 3', 'Dubai']
2026-05-25T02:15:45	MBR or dubai hills	city=Dubai, community=MBR City, subcommunity=Dubai Hills	Dubai Hills	['Dubai Hills', 'Dubai', 'The Hills C']
2026-05-25T02:54:36	Mira Oasis community, Reem Dubai, Mira Oasis 1, 2 or 3	city=Dubai, community=Reem, subcommunity=Mira Oasis	Mira Oasis	['Mira Oasis', 'Dubai', 'Al Reem Island']
2026-05-25T21:52:49	Waverly at Dubai Hills (Park Heights) Dubai Hills Estate	city=Dubai, community=Dubai Hills Estate, subcommunity=Park Heights, property=Waverly	Park Heights	['Park Heights', 'Dubai', 'Art Heights']
2026-05-25T21:54:00	Mumbai	community=Mumbai	UNKNOWN	['Barsha Heights (Tecom)', 'Palm Jumeirah', 'Reem']
