2026-05-24T23:21:29	Green Square, Dubai Hills Estate	Dubai Hills Estate	Al Rashidiya, Ajman	Al Rashidiya 2
2026-05-24T23:21:29	Green Square, Dubai Hills Estate	Dubai Hills Estate	Al Rawda, Ajman	Al Rawda 2
2026-05-24T23:21:29	Green Square, Dubai Hills Estate	Dubai Hills Estate	Al Raha Beach, Abu Dhabi	AD 3
2026-05-24T23:21:29	Green Square, Dubai Hills Estate	Dubai Hills Estate	Al Rashidiya, Ajman	Al Rashidiya 3
2026-05-24T23:21:29	Green Square, Dubai Hills Estate	Dubai Hills Estate	Al Rawda, Ajman	Al Rawda 3
2026-05-24T23:21:29	Green Square, Dubai Hills Estate	Dubai Hills Estate	Al Rahmaniya, Sharjah	Al Rahmaniya 6
2026-05-24T23:21:29	Green Square, Dubai Hills Estate	Dubai Hills Estate	Al Raas, Umm Al Quwain	Al Raas 2
2026-05-24T23:21:29	Green Square, Dubai Hills Estate	Dubai Hills Estate	Al Rahmaniya, Sharjah	Al Rahmaniya 2
2026-05-24T23:21:29	Green Square, Dubai Hills Estate	Dubai Hills Estate	Al Ramla, Umm Al Quwain	Al Ramla 2
2026-05-24T23:21:29	Green Square, Dubai Hills Estate	Dubai Hills Estate	Al Rahmaniya, Sharjah	Al Rahmaniya 10
2026-05-24T23:21:29	Green Square, Dubai Hills Estate	Dubai Hills Estate	Al Rahmaniya, Sharjah	Al Rahmaniya 4
2026-05-24T23:21:29	Green Square, Dubai Hills Estate	Dubai Hills Estate	Al Rahmaniya, Sharjah	Al Rahmaniya 5
2026-05-24T23:21:29	Green Square, Dubai Hills Estate	Dubai Hills Estate	Al Raas, Umm Al Quwain	Al Raas 3
2026-05-24T23:21:29	Green Square, Dubai Hills Estate	Dubai Hills Estate	Al Rahmaniya, Sharjah	Al Rahmaniya 3
2026-05-24T23:21:29	Green Square, Dubai Hills Estate	Dubai Hills Estate	Al Rahmaniya, Sharjah	Al Rahmaniya 8
2026-05-24T23:21:29	Green Square, Dubai Hills Estate	Dubai Hills Estate	Al Raas, Umm Al Quwain	Al Raas 1
2026-05-24T23:21:29	Green Square, Dubai Hills Estate	Dubai Hills Estate	Al Raqaib, Ajman	Al Raqaib 1
2026-05-24T23:21:29	Green Square, Dubai Hills Estate	Dubai Hills Estate	Al Rashidiya, Ajman	Al Rashidiya 1
2026-05-24T23:21:29	Green Square, Dubai Hills Estate	Dubai Hills Estate	Al Rawda, Ajman	Al Rawda 1
2026-05-24T23:21:29	Green Square, Dubai Hills Estate	Dubai Hills Estate	Khalifa City, Abu Dhabi	Al Rayyana
2026-05-24T23:21:29	Green Square, Dubai Hills Estate	Dubai Hills Estate	Arabian Ranches, Dubai	Al Reem
2026-05-24T23:21:29	Green Square, Dubai Hills Estate	Dubai Hills Estate	Al Towayya, Al Ain	Al Ain Square
2026-05-24T23:21:29	Green Square, Dubai Hills Estate	Dubai Hills Estate	Dubai Residence Complex, Dubai	AG Square
2026-05-24T23:28:51	Naya 3, District One MBR	Mohammed Bin Rashid City	Dubai Studio City	Studio 101
2026-05-24T23:30:43	District One Villas, Mohammed Bin Rashid City	Mohammed Bin Rashid City	Dubai Studio City	Studio 101
2026-05-24T23:32:25	District One West Phase 2, MBR City	Mohammed Bin Rashid City	Capital Centre, Abu Dhabi	AD One Tower
2026-05-24T23:32:25	District One West Phase 2, MBR City	Mohammed Bin Rashid City	Central District, Al Ain	Al Sarouj Street
2026-05-24T23:32:25	District One West Phase 2, MBR City	Mohammed Bin Rashid City	Ajman Downtown, Ajman	Ajman One
2026-05-24T23:32:25	District One West Phase 2, MBR City	Mohammed Bin Rashid City	Al Sawan, Ajman	Ajman One Towers
2026-05-24T23:32:25	District One West Phase 2, MBR City	Mohammed Bin Rashid City	Ajman Downtown, Ajman	Ajman One - Phase 2
2026-05-24T23:34:07	Mediterranean Villas, MBR City	Mohammed Bin Rashid City	Al Nahyan Camp, Abu Dhabi	Al Nahyan Villa Compound
2026-05-24T23:34:07	Mediterranean Villas, MBR City	Mohammed Bin Rashid City	Oud Al Muteena	Villas Area
2026-05-24T23:34:07	Mediterranean Villas, MBR City	Mohammed Bin Rashid City	Al Bateen, Abu Dhabi	Al Bateen Villas
2026-05-24T23:34:07	Mediterranean Villas, MBR City	Mohammed Bin Rashid City	Ajman Uptown, Ajman	Ajman Uptown Villas
2026-05-24T23:34:07	Mediterranean Villas, MBR City	Mohammed Bin Rashid City	Khalifa City, Abu Dhabi	34 Villas Project
2026-05-24T23:35:49	The Royal Gardens, MBR City	Mohammed Bin Rashid City	Al Reef, Abu Dhabi	Al Reef Downtown
2026-05-24T23:39:40	MAG City Meydan District 7 MBR	Mohammed Bin Rashid City	Dubai Design District	Design Quarter
2026-05-24T23:39:40	MAG City Meydan District 7 MBR	Mohammed Bin Rashid City	Dubai Hills Estate	777
2026-05-24T23:39:40	MAG City Meydan District 7 MBR	Mohammed Bin Rashid City	Al Nouf, Sharjah	Al Nouf 3
2026-05-24T23:39:40	MAG City Meydan District 7 MBR	Mohammed Bin Rashid City	Al Nahda, Dubai	Al Nahda 1
2026-05-24T23:39:40	MAG City Meydan District 7 MBR	Mohammed Bin Rashid City	Al Nakhil, Ajman	Al Nakhil 1
2026-05-24T23:39:40	MAG City Meydan District 7 MBR	Mohammed Bin Rashid City	Al Nouf, Sharjah	Al Nouf 1
2026-05-24T23:39:40	MAG City Meydan District 7 MBR	Mohammed Bin Rashid City	Al Nuaimiya, Ajman	Al Naimiya
2026-05-24T23:39:40	MAG City Meydan District 7 MBR	Mohammed Bin Rashid City	Al Hudayriat Island, Abu Dhabi	Al Naseem
2026-05-24T23:39:40	MAG City Meydan District 7 MBR	Mohammed Bin Rashid City	Al Nahda, Dubai	Al Nahda 2
2026-05-24T23:39:40	MAG City Meydan District 7 MBR	Mohammed Bin Rashid City	Al Nakhil, Ajman	Al Nakhil 2
2026-05-24T23:39:40	MAG City Meydan District 7 MBR	Mohammed Bin Rashid City	Al Nouf, Sharjah	Al Nouf 2
2026-05-24T23:39:40	MAG City Meydan District 7 MBR	Mohammed Bin Rashid City	Al Nouf, Sharjah	Al Nouf 4
2026-05-24T23:39:40	MAG City Meydan District 7 MBR	Mohammed Bin Rashid City	Ajman Downtown, Ajman	Ajman One
2026-05-24T23:39:40	MAG City Meydan District 7 MBR	Mohammed Bin Rashid City	Al Sawan, Ajman	Ajman One Towers
2026-05-24T23:39:40	MAG City Meydan District 7 MBR	Mohammed Bin Rashid City	Al Muhaisnah, Dubai	Al Muhaisnah 4
2026-05-24T23:39:40	MAG City Meydan District 7 MBR	Mohammed Bin Rashid City	Al Muhaisnah, Dubai	Al Muhaisnah 3
2026-05-24T23:39:40	MAG City Meydan District 7 MBR	Mohammed Bin Rashid City	Hamdan Street, Abu Dhabi	Al Ain Tower
2026-05-24T23:39:40	MAG City Meydan District 7 MBR	Mohammed Bin Rashid City	Hamdan Street, Abu Dhabi	Al Darmaki Building 1162
2026-05-24T23:39:40	MAG City Meydan District 7 MBR	Mohammed Bin Rashid City	Hamdan Street, Abu Dhabi	Al Masood Tower
2026-05-24T23:49:40	Golf Ridges, Sobha Hartland MBR	Arabian Ranches	Arabian Ranches 3	Elie Saab II
2026-05-24T23:49:40	Golf Ridges, Sobha Hartland MBR	Arabian Ranches	Al Hamra Village, Ras Al Khaimah	Al Hamra Golf Resort
2026-05-24T23:49:40	Golf Ridges, Sobha Hartland MBR	Arabian Ranches	Jumeirah Golf Estates, Dubai	Al Andalus
2026-05-24T23:49:40	Golf Ridges, Sobha Hartland MBR	Arabian Ranches	Sas Al Nakheel, Abu Dhabi	Abu Dhabi Golf Club
2026-05-24T23:49:40	Golf Ridges, Sobha Hartland MBR	Arabian Ranches	Dubai Hills Estate	The Golf Residence
2026-05-24T23:49:40	Golf Ridges, Sobha Hartland MBR	Arabian Ranches	Dubai Hills Estate	Golf Place
2026-05-24T23:51:22	Sobha Estates Villas, Sobha Hartland II MBR	Dubai Design District	Arabian Ranches 3	Elie Saab II
2026-05-24T23:51:22	Sobha Estates Villas, Sobha Hartland II MBR	Dubai Design District	Al Bahia, Ajman	Al Bahia Hills
2026-05-24T23:51:22	Sobha Estates Villas, Sobha Hartland II MBR	Dubai Design District	Mohammed Bin Rashid City	Sobha Hartland II
2026-05-24T23:51:22	Sobha Estates Villas, Sobha Hartland II MBR	Dubai Design District	Mohammed Bin Rashid City	Sobha Hartland
2026-05-24T23:51:22	Sobha Estates Villas, Sobha Hartland II MBR	Dubai Design District	Dubai Studio City	Studio 101
2026-05-24T23:51:22	Sobha Estates Villas, Sobha Hartland II MBR	Dubai Design District	Dubai Hills Estate	Dubai Hills Grove
2026-05-24T23:51:22	Sobha Estates Villas, Sobha Hartland II MBR	Dubai Design District	Dubai Hills Estate	Sway Residences
2026-05-25T02:03:06	Hartland Gardenia, Sobha Hartland MBR	Al Rawda	Wasl Gate	Gardenia Townhomes II
2026-05-25T02:03:06	Hartland Gardenia, Sobha Hartland MBR	Al Rawda	Dubai Hills Estate	Gardenia Residence
2026-05-25T02:03:06	Hartland Gardenia, Sobha Hartland MBR	Al Rawda	Wasl Gate	Gardenia Townhomes
2026-05-25T02:03:06	Hartland Gardenia, Sobha Hartland MBR	Al Rawda	Corniche Road, Abu Dhabi	Al Reef Tower
2026-05-25T02:03:06	Hartland Gardenia, Sobha Hartland MBR	Al Rawda	Mohammed Bin Rashid City	Sobha Hartland II
2026-05-25T02:03:06	Hartland Gardenia, Sobha Hartland MBR	Al Rawda	Mohammed Bin Rashid City	Sobha Hartland
2026-05-25T02:03:06	Hartland Gardenia, Sobha Hartland MBR	Al Rawda	Al Reef, Abu Dhabi	Al Reef Downtown
2026-05-25T02:03:30	The Hartland Villas, Sobha Hartland Mohammed Bin Rashid	Al Rawda	Oud Al Muteena	Villas Area
2026-05-25T02:03:30	The Hartland Villas, Sobha Hartland Mohammed Bin Rashid	Al Rawda	Corniche Road, Abu Dhabi	Al Reef Tower
2026-05-25T02:03:30	The Hartland Villas, Sobha Hartland Mohammed Bin Rashid	Al Rawda	Mohammed Bin Rashid City	Sobha Hartland II
2026-05-25T02:03:30	The Hartland Villas, Sobha Hartland Mohammed Bin Rashid	Al Rawda	Mohammed Bin Rashid City	Sobha Hartland
2026-05-25T02:03:30	The Hartland Villas, Sobha Hartland Mohammed Bin Rashid	Al Rawda	Dubai Marina, Dubai	Al Mesk Villas
2026-05-25T02:03:30	The Hartland Villas, Sobha Hartland Mohammed Bin Rashid	Al Rawda	The Hills	The Hills A
2026-05-25T02:03:30	The Hartland Villas, Sobha Hartland Mohammed Bin Rashid	Al Rawda	Mohamed Bin Zayed City, Abu Dhabi	Al Maqtaa Villas
2026-05-25T02:03:30	The Hartland Villas, Sobha Hartland Mohammed Bin Rashid	Al Rawda	Dubai Hills Estate	The Grove by Iman
2026-05-25T02:03:30	The Hartland Villas, Sobha Hartland Mohammed Bin Rashid	Al Rawda	Dubai Studio City	The Hive
2026-05-25T02:03:52	Desert Palm, Al Aweer Dubai	Al Aweer	Al Safa, Dubai	Al Safa 3
2026-05-25T02:03:52	Desert Palm, Al Aweer Dubai	Al Aweer	Al Rahmaniya, Sharjah	Al Rahmaniya 10
2026-05-25T02:03:52	Desert Palm, Al Aweer Dubai	Al Aweer	Al Rahmaniya, Sharjah	Al Rahmaniya 9
2026-05-25T02:03:52	Desert Palm, Al Aweer Dubai	Al Aweer	Al Ramla, Umm Al Quwain	Al Ramla 2
2026-05-25T02:03:52	Desert Palm, Al Aweer Dubai	Al Aweer	Al Safa, Dubai	Al Safa 2
2026-05-25T02:03:52	Desert Palm, Al Aweer Dubai	Al Aweer	Dubai Healthcare City, Dubai	Al Razi Building
2026-05-25T02:03:52	Desert Palm, Al Aweer Dubai	Al Aweer	Majan, Dubai	Al Rabia Tower
2026-05-25T02:03:52	Desert Palm, Al Aweer Dubai	Al Aweer	Tourist Club Area, Abu Dhabi	Al Ramhan Tower
2026-05-25T02:03:52	Desert Palm, Al Aweer Dubai	Al Aweer	Corniche Road, Abu Dhabi	Al Reem Tower
2026-05-25T02:03:52	Desert Palm, Al Aweer Dubai	Al Aweer	Arabian Ranches 3	Elie Saab II
2026-05-25T02:03:52	Desert Palm, Al Aweer Dubai	Al Aweer	Jumeirah Village Circle, Dubai	Al Muhra
2026-05-25T02:03:52	Desert Palm, Al Aweer Dubai	Al Aweer	Al Muhaisnah, Dubai	Al Muhaisnah 3
2026-05-25T02:03:52	Desert Palm, Al Aweer Dubai	Al Aweer	Muroor Area, Abu Dhabi	Al Diar Palm Hotel Apartments
2026-05-25T02:03:52	Desert Palm, Al Aweer Dubai	Al Aweer	Palm Jumeirah, Dubai	Adagio Premium The Palm
2026-05-25T02:04:13	Al Aweer 1, Al Aweer Dubai	Al Aweer	Al Raas, Umm Al Quwain	Al Raas 1
2026-05-25T02:05:47	Residence 25, District One MBR	Dubai Design District	Mohammed Bin Rashid City	District 7
2026-05-25T02:05:47	Residence 25, District One MBR	Dubai Design District	Mohammed Bin Rashid City	MAG 980
2026-05-25T02:05:47	Residence 25, District One MBR	Dubai Design District	Deira, Dubai	Al Ras
2026-05-25T02:05:47	Residence 25, District One MBR	Dubai Design District	Al Nahda, Sharjah	Al Shaiba 291
2026-05-25T02:05:47	Residence 25, District One MBR	Dubai Design District	Al Hamidiya, Ajman	Al Hamidiya 1
2026-05-25T02:05:47	Residence 25, District One MBR	Dubai Design District	Al Rashidiya, Ajman	Al Rashidiya 2
2026-05-25T02:05:47	Residence 25, District One MBR	Dubai Design District	Al Rashidiya, Ajman	Al Rashidiya 1
2026-05-25T02:05:47	Residence 25, District One MBR	Dubai Design District	Al Nuaimiya, Ajman	Al Murad Mall
2026-05-25T02:05:47	Residence 25, District One MBR	Dubai Design District	Mohammed Bin Rashid City	MAG Arabic
2026-05-25T02:05:47	Residence 25, District One MBR	Dubai Design District	Mohammed Bin Rashid City	District 11
2026-05-25T02:06:10	Sobha Hartland Waves, Sobha Hartland MBR	Al Rawda	Mohammed Bin Rashid City	Sobha Hartland II
2026-05-25T02:06:10	Sobha Hartland Waves, Sobha Hartland MBR	Al Rawda	Mohammed Bin Rashid City	Sobha Hartland
2026-05-25T02:06:10	Sobha Hartland Waves, Sobha Hartland MBR	Al Rawda	Corniche Road, Abu Dhabi	Al Reef Tower
2026-05-25T02:06:31	Maple 3, Dubai Hills Estate	Dubai Hills Estate	Al Muhaisnah, Dubai	Al Muhaisnah 3
2026-05-25T02:06:53	Mulberry 1, Dubai Hills Estate	Dubai Hills Estate	Mohammed Bin Rashid City	Mag 910
2026-05-25T02:06:53	Mulberry 1, Dubai Hills Estate	Dubai Hills Estate	Mohammed Bin Rashid City	MAG 980
2026-05-25T02:06:53	Mulberry 1, Dubai Hills Estate	Dubai Hills Estate	Al Muhaisnah, Dubai	Al Muhaisnah 3
2026-05-25T02:06:53	Mulberry 1, Dubai Hills Estate	Dubai Hills Estate	Al Muhaisnah, Dubai	Al Muhaisnah 4
2026-05-25T02:06:53	Mulberry 1, Dubai Hills Estate	Dubai Hills Estate	Mohammed Bin Rashid City	MAG 920
2026-05-25T02:06:53	Mulberry 1, Dubai Hills Estate	Dubai Hills Estate	Mohammed Bin Rashid City	MAG 900
2026-05-25T02:06:53	Mulberry 1, Dubai Hills Estate	Dubai Hills Estate	Al Rahmaniya, Sharjah	Al Rahmaniya 8
2026-05-25T02:06:53	Mulberry 1, Dubai Hills Estate	Dubai Hills Estate	Al Rahmaniya, Sharjah	Al Rahmaniya 10
2026-05-25T02:06:53	Mulberry 1, Dubai Hills Estate	Dubai Hills Estate	Al Raas, Umm Al Quwain	Al Raas 1
2026-05-25T02:06:53	Mulberry 1, Dubai Hills Estate	Dubai Hills Estate	Al Barsha, Dubai	Al Barsha 3
2026-05-25T02:06:53	Mulberry 1, Dubai Hills Estate	Dubai Hills Estate	Al Barsha, Dubai	Al Barsha 2
2026-05-25T02:06:53	Mulberry 1, Dubai Hills Estate	Dubai Hills Estate	Dubai Silicon Oasis, Dubai	Al Murri
2026-05-25T02:06:53	Mulberry 1, Dubai Hills Estate	Dubai Hills Estate	Al Muhaisnah, Dubai	Al Muhaisnah 2
2026-05-25T02:06:53	Mulberry 1, Dubai Hills Estate	Dubai Hills Estate	Al Muhaisnah, Dubai	Al Muhaisnah 1
2026-05-25T02:06:53	Mulberry 1, Dubai Hills Estate	Dubai Hills Estate	Al Raha Beach, Abu Dhabi	Al Muneera
2026-05-25T02:06:53	Mulberry 1, Dubai Hills Estate	Dubai Hills Estate	Arabian Ranches 3	Raya
2026-05-25T02:06:53	Mulberry 1, Dubai Hills Estate	Dubai Hills Estate	Khalifa City, Abu Dhabi	Al Rayyana
2026-05-25T02:06:53	Mulberry 1, Dubai Hills Estate	Dubai Hills Estate	Deira, Dubai	Al Murar
2026-05-25T02:07:15	Mulberry 2, Dubai Hills Estate	Dubai Hills Estate	Mohammed Bin Rashid City	Mag 910
2026-05-25T02:07:15	Mulberry 2, Dubai Hills Estate	Dubai Hills Estate	Mohammed Bin Rashid City	MAG 980
2026-05-25T02:07:15	Mulberry 2, Dubai Hills Estate	Dubai Hills Estate	Al Muhaisnah, Dubai	Al Muhaisnah 3
2026-05-25T02:07:15	Mulberry 2, Dubai Hills Estate	Dubai Hills Estate	Al Muhaisnah, Dubai	Al Muhaisnah 4
2026-05-25T02:07:15	Mulberry 2, Dubai Hills Estate	Dubai Hills Estate	Mohammed Bin Rashid City	MAG 920
2026-05-25T02:07:15	Mulberry 2, Dubai Hills Estate	Dubai Hills Estate	Mohammed Bin Rashid City	MAG 900
2026-05-25T02:07:15	Mulberry 2, Dubai Hills Estate	Dubai Hills Estate	Al Rahmaniya, Sharjah	Al Rahmaniya 8
2026-05-25T02:07:15	Mulberry 2, Dubai Hills Estate	Dubai Hills Estate	Al Rahmaniya, Sharjah	Al Rahmaniya 10
2026-05-25T02:07:15	Mulberry 2, Dubai Hills Estate	Dubai Hills Estate	Al Raas, Umm Al Quwain	Al Raas 1
2026-05-25T02:07:15	Mulberry 2, Dubai Hills Estate	Dubai Hills Estate	Al Barsha, Dubai	Al Barsha 3
2026-05-25T02:07:15	Mulberry 2, Dubai Hills Estate	Dubai Hills Estate	Al Barsha, Dubai	Al Barsha 2
2026-05-25T02:07:15	Mulberry 2, Dubai Hills Estate	Dubai Hills Estate	Dubai Silicon Oasis, Dubai	Al Murri
2026-05-25T02:07:15	Mulberry 2, Dubai Hills Estate	Dubai Hills Estate	Al Muhaisnah, Dubai	Al Muhaisnah 2
2026-05-25T02:07:15	Mulberry 2, Dubai Hills Estate	Dubai Hills Estate	Al Muhaisnah, Dubai	Al Muhaisnah 1
2026-05-25T02:07:15	Mulberry 2, Dubai Hills Estate	Dubai Hills Estate	Al Raha Beach, Abu Dhabi	Al Muneera
2026-05-25T02:07:15	Mulberry 2, Dubai Hills Estate	Dubai Hills Estate	Arabian Ranches 3	Raya
2026-05-25T02:07:15	Mulberry 2, Dubai Hills Estate	Dubai Hills Estate	Khalifa City, Abu Dhabi	Al Rayyana
2026-05-25T02:07:15	Mulberry 2, Dubai Hills Estate	Dubai Hills Estate	Deira, Dubai	Al Murar
2026-05-25T02:08:11	Acacia A, Dubai Hills Estate	Dubai Hills Estate	Al Sufouh, Dubai	Acacia Avenues
2026-05-25T02:08:11	Acacia A, Dubai Hills Estate	Dubai Hills Estate	Arabian Ranches 3	Caya 2
2026-05-25T02:08:11	Acacia A, Dubai Hills Estate	Dubai Hills Estate	Ajman Downtown, Ajman	Ajman One
2026-05-25T02:08:11	Acacia A, Dubai Hills Estate	Dubai Hills Estate	Al Sawan, Ajman	Ajman One Towers
2026-05-25T02:08:57	Acacia B, Dubai Hills Estate	Dubai Hills Estate	Al Sufouh, Dubai	Acacia Avenues
2026-05-25T02:08:57	Acacia B, Dubai Hills Estate	Dubai Hills Estate	Arabian Ranches 3	Caya 2
2026-05-25T02:08:57	Acacia B, Dubai Hills Estate	Dubai Hills Estate	Ajman Downtown, Ajman	Ajman One
2026-05-25T02:08:57	Acacia B, Dubai Hills Estate	Dubai Hills Estate	Al Sawan, Ajman	Ajman One Towers
2026-05-25T02:09:17	Acacia C, Dubai Hills Estate	Dubai Hills Estate	Al Sufouh, Dubai	Acacia Avenues
2026-05-25T02:09:17	Acacia C, Dubai Hills Estate	Dubai Hills Estate	Arabian Ranches 3	Caya 2
2026-05-25T02:09:17	Acacia C, Dubai Hills Estate	Dubai Hills Estate	Ajman Downtown, Ajman	Ajman One
2026-05-25T02:09:17	Acacia C, Dubai Hills Estate	Dubai Hills Estate	Al Sawan, Ajman	Ajman One Towers
2026-05-25T02:13:44	park heights dubai hills	Dubai Hills Estate	Al Rahmaniya, Sharjah	Al Rahmaniya 4
2026-05-25T02:13:44	park heights dubai hills	Dubai Hills Estate	Al Rahmaniya, Sharjah	Al Rahmaniya 5
2026-05-25T02:13:44	park heights dubai hills	Dubai Hills Estate	Al Rashidiya, Ajman	Al Rashidiya 2
2026-05-25T02:13:44	park heights dubai hills	Dubai Hills Estate	Al Rawda, Ajman	Al Rawda 2
2026-05-25T02:13:44	park heights dubai hills	Dubai Hills Estate	Al Raha Beach, Abu Dhabi	AD 3
2026-05-25T02:13:44	park heights dubai hills	Dubai Hills Estate	Al Rashidiya, Ajman	Al Rashidiya 3
2026-05-25T02:13:44	park heights dubai hills	Dubai Hills Estate	Al Rawda, Ajman	Al Rawda 3
2026-05-25T02:13:44	park heights dubai hills	Dubai Hills Estate	Khalifa City, Abu Dhabi	Al Rayyana
2026-05-25T02:13:44	park heights dubai hills	Dubai Hills Estate	Arabian Ranches, Dubai	Al Reem
2026-05-25T02:13:44	park heights dubai hills	Dubai Hills Estate	Al Rahmaniya, Sharjah	Al Rahmaniya 6
2026-05-25T02:13:44	park heights dubai hills	Dubai Hills Estate	Al Raas, Umm Al Quwain	Al Raas 3
2026-05-25T02:13:44	park heights dubai hills	Dubai Hills Estate	Al Rahmaniya, Sharjah	Al Rahmaniya 3
2026-05-25T02:13:44	park heights dubai hills	Dubai Hills Estate	Al Rashidiya, Ajman	Al Rashidiya 1
2026-05-25T02:13:44	park heights dubai hills	Dubai Hills Estate	Al Rahmaniya, Sharjah	Al Rahmaniya 8
2026-05-25T02:13:44	park heights dubai hills	Dubai Hills Estate	Al Raas, Umm Al Quwain	Al Raas 1
2026-05-25T02:13:44	park heights dubai hills	Dubai Hills Estate	Al Raqaib, Ajman	Al Raqaib 1
2026-05-25T02:13:44	park heights dubai hills	Dubai Hills Estate	Al Rawda, Ajman	Al Rawda 1
2026-05-25T02:13:44	park heights dubai hills	Dubai Hills Estate	Al Rahmaniya, Sharjah	Al Rahmaniya 10
2026-05-25T02:13:44	park heights dubai hills	Dubai Hills Estate	Al Raas, Umm Al Quwain	Al Raas 2
2026-05-25T02:13:44	park heights dubai hills	Dubai Hills Estate	Al Rahmaniya, Sharjah	Al Rahmaniya 2
2026-05-25T02:13:44	park heights dubai hills	Dubai Hills Estate	Al Ramla, Umm Al Quwain	Al Ramla 2
2026-05-25T02:14:37	MBR or dubai hills	Mohammed Bin Rashid City	Dubai Hills Estate	Dubai Hills
2026-05-25T02:14:37	MBR or dubai hills	Mohammed Bin Rashid City	Dubai Hills Estate	Ellington House IV
2026-05-25T02:14:37	MBR or dubai hills	Mohammed Bin Rashid City	Dubai Hills Estate	Ellington House II
2026-05-25T02:14:37	MBR or dubai hills	Mohammed Bin Rashid City	Dubai Hills Estate	Ellington House III
2026-05-25T02:14:37	MBR or dubai hills	Mohammed Bin Rashid City	Dubai Hills Estate	Sway Residences
2026-05-25T02:14:37	MBR or dubai hills	Mohammed Bin Rashid City	Dubai Hills Estate	Park Gate
2026-05-25T02:14:37	MBR or dubai hills	Mohammed Bin Rashid City	The Hills	The Hills C
2026-05-25T02:14:37	MBR or dubai hills	Mohammed Bin Rashid City	Dubai Hills Estate	Golf Hillside
2026-05-25T02:54:33	Mira Oasis community, Reem Dubai, Mira Oasis 1, 2 or 3	Reem	Al Safa, Dubai	Al Safa 3
2026-05-25T21:52:45	Waverly at Dubai Hills (Park Heights) Dubai Hills Estate	Dubai Hills Estate	Al Rahmaniya, Sharjah	Al Rahmaniya 5
2026-05-25T21:52:45	Waverly at Dubai Hills (Park Heights) Dubai Hills Estate	Dubai Hills Estate	Al Raas, Umm Al Quwain	Al Raas 2
2026-05-25T21:52:45	Waverly at Dubai Hills (Park Heights) Dubai Hills Estate	Dubai Hills Estate	Al Rahmaniya, Sharjah	Al Rahmaniya 2
2026-05-25T21:52:45	Waverly at Dubai Hills (Park Heights) Dubai Hills Estate	Dubai Hills Estate	Al Ramla, Umm Al Quwain	Al Ramla 2
2026-05-25T21:52:45	Waverly at Dubai Hills (Park Heights) Dubai Hills Estate	Dubai Hills Estate	Al Rashidiya, Ajman	Al Rashidiya 2
2026-05-25T21:52:45	Waverly at Dubai Hills (Park Heights) Dubai Hills Estate	Dubai Hills Estate	Al Rawda, Ajman	Al Rawda 2
2026-05-25T21:52:45	Waverly at Dubai Hills (Park Heights) Dubai Hills Estate	Dubai Hills Estate	Al Rahmaniya, Sharjah	Al Rahmaniya 10
2026-05-25T21:52:45	Waverly at Dubai Hills (Park Heights) Dubai Hills Estate	Dubai Hills Estate	Al Rashidiya, Ajman	Al Rashidiya 1
2026-05-25T21:52:45	Waverly at Dubai Hills (Park Heights) Dubai Hills Estate	Dubai Hills Estate	Al Raas, Umm Al Quwain	Al Raas 1
2026-05-25T21:52:45	Waverly at Dubai Hills (Park Heights) Dubai Hills Estate	Dubai Hills Estate	Al Raqaib, Ajman	Al Raqaib 1
2026-05-25T21:52:45	Waverly at Dubai Hills (Park Heights) Dubai Hills Estate	Dubai Hills Estate	Al Rawda, Ajman	Al Rawda 1
2026-05-25T21:52:45	Waverly at Dubai Hills (Park Heights) Dubai Hills Estate	Dubai Hills Estate	Al Raha Beach, Abu Dhabi	AD 3
2026-05-25T21:52:45	Waverly at Dubai Hills (Park Heights) Dubai Hills Estate	Dubai Hills Estate	Al Rashidiya, Ajman	Al Rashidiya 3
2026-05-25T21:52:45	Waverly at Dubai Hills (Park Heights) Dubai Hills Estate	Dubai Hills Estate	Al Rawda, Ajman	Al Rawda 3
2026-05-25T21:52:45	Waverly at Dubai Hills (Park Heights) Dubai Hills Estate	Dubai Hills Estate	Al Rahmaniya, Sharjah	Al Rahmaniya 6
2026-05-25T21:52:45	Waverly at Dubai Hills (Park Heights) Dubai Hills Estate	Dubai Hills Estate	Al Rahmaniya, Sharjah	Al Rahmaniya 4
2026-05-25T21:52:45	Waverly at Dubai Hills (Park Heights) Dubai Hills Estate	Dubai Hills Estate	Al Raas, Umm Al Quwain	Al Raas 3
2026-05-25T21:52:45	Waverly at Dubai Hills (Park Heights) Dubai Hills Estate	Dubai Hills Estate	Al Rahmaniya, Sharjah	Al Rahmaniya 3
2026-05-25T21:52:45	Waverly at Dubai Hills (Park Heights) Dubai Hills Estate	Dubai Hills Estate	Al Rahmaniya, Sharjah	Al Rahmaniya 8
2026-05-25T21:52:45	Waverly at Dubai Hills (Park Heights) Dubai Hills Estate	Dubai Hills Estate	Khalifa City, Abu Dhabi	Al Rayyana
2026-05-25T21:52:45	Waverly at Dubai Hills (Park Heights) Dubai Hills Estate	Dubai Hills Estate	Arabian Ranches, Dubai	Al Reem
2026-05-27T21:43:35	Naya 3 District One MBR	Dubai Design District	Al Rahmaniya, Sharjah	Al Rahmaniya 3
2026-05-27T21:50:35	District One MBR	Mohammed Bin Rashid City	Dubai Studio City	Studio 101
2026-05-27T22:02:21	Green Square Dubai Hills Estate	Dubai Hills Estate	Al Rahmaniya, Sharjah	Al Rahmaniya 5
2026-05-27T22:02:21	Green Square Dubai Hills Estate	Dubai Hills Estate	Al Rahmaniya, Sharjah	Al Rahmaniya 10
2026-05-27T22:02:21	Green Square Dubai Hills Estate	Dubai Hills Estate	Al Rahmaniya, Sharjah	Al Rahmaniya 8
2026-05-27T22:02:21	Green Square Dubai Hills Estate	Dubai Hills Estate	Al Rahmaniya, Sharjah	Al Rahmaniya 4
2026-05-27T22:02:21	Green Square Dubai Hills Estate	Dubai Hills Estate	Al Raha Beach, Abu Dhabi	AD 3
2026-05-27T22:02:21	Green Square Dubai Hills Estate	Dubai Hills Estate	Al Rashidiya, Ajman	Al Rashidiya 3
2026-05-27T22:02:21	Green Square Dubai Hills Estate	Dubai Hills Estate	Al Rawda, Ajman	Al Rawda 3
2026-05-27T22:02:21	Green Square Dubai Hills Estate	Dubai Hills Estate	Al Raas, Umm Al Quwain	Al Raas 3
2026-05-27T22:02:21	Green Square Dubai Hills Estate	Dubai Hills Estate	Al Rahmaniya, Sharjah	Al Rahmaniya 3
2026-05-27T22:02:21	Green Square Dubai Hills Estate	Dubai Hills Estate	Al Raas, Umm Al Quwain	Al Raas 2
2026-05-27T22:02:21	Green Square Dubai Hills Estate	Dubai Hills Estate	Al Rahmaniya, Sharjah	Al Rahmaniya 2
2026-05-27T22:02:21	Green Square Dubai Hills Estate	Dubai Hills Estate	Al Ramla, Umm Al Quwain	Al Ramla 2
2026-05-27T22:02:21	Green Square Dubai Hills Estate	Dubai Hills Estate	Al Rashidiya, Ajman	Al Rashidiya 2
2026-05-27T22:02:21	Green Square Dubai Hills Estate	Dubai Hills Estate	Al Rawda, Ajman	Al Rawda 2
2026-05-27T22:02:21	Green Square Dubai Hills Estate	Dubai Hills Estate	Al Rashidiya, Ajman	Al Rashidiya 1
2026-05-27T22:02:21	Green Square Dubai Hills Estate	Dubai Hills Estate	Al Raas, Umm Al Quwain	Al Raas 1
2026-05-27T22:02:21	Green Square Dubai Hills Estate	Dubai Hills Estate	Al Raqaib, Ajman	Al Raqaib 1
2026-05-27T22:02:21	Green Square Dubai Hills Estate	Dubai Hills Estate	Al Rawda, Ajman	Al Rawda 1
2026-05-27T22:02:21	Green Square Dubai Hills Estate	Dubai Hills Estate	Khalifa City, Abu Dhabi	Al Rayyana
2026-05-27T22:02:21	Green Square Dubai Hills Estate	Dubai Hills Estate	Arabian Ranches, Dubai	Al Reem
2026-05-27T22:02:21	Green Square Dubai Hills Estate	Dubai Hills Estate	Al Rahmaniya, Sharjah	Al Rahmaniya 6
2026-05-27T22:02:21	Green Square Dubai Hills Estate	Dubai Hills Estate	Town Square, Dubai	Al Qudra 4
2026-05-27T22:02:21	Green Square Dubai Hills Estate	Dubai Hills Estate	Town Square, Dubai	Al Qudra 3
