2026-05-26T04:46:38 [Pipeline] File not found: data/projects_master.xlsx
2026-05-26T04:46:38 [Pipeline] Location master changed; starting pipeline.
2026-05-26T04:46:38 [Pipeline] Running excel_processor: C:\Users\melvin_varghese\AppData\Local\Programs\Python\Python312\python.exe tools/excel_processor.py --start-row 2
2026-05-26T04:46:39 [Pipeline] Step failed: excel_processor (exit 1)
2026-05-26T04:46:39 [Pipeline][stderr] Traceback (most recent call last):
2026-05-26T04:46:39 [Pipeline][stderr]   File "C:\Users\melvin_varghese\RealEstate\tools\excel_processor.py", line 17, in <module>
2026-05-26T04:46:39 [Pipeline][stderr]     from core.config import LOCATION_MASTER_EXCEL, UNIQUE_NAMES_CACHE
2026-05-26T04:46:39 [Pipeline][stderr] ModuleNotFoundError: No module named 'core'
2026-05-26T04:46:39 [Pipeline] Location pipeline stopped at excel_processor.
2026-05-26T04:46:58 [Pipeline] File not found: data/projects_master.xlsx
2026-05-26T04:46:58 [Pipeline] Location master changed; starting pipeline.
2026-05-26T04:46:58 [Pipeline] Running excel_processor: C:\Users\melvin_varghese\AppData\Local\Programs\Python\Python312\python.exe tools/excel_processor.py --start-row 2
2026-05-26T04:46:59 [Pipeline] Step failed: excel_processor (exit 1)
2026-05-26T04:46:59 [Pipeline][stderr] Traceback (most recent call last):
2026-05-26T04:46:59 [Pipeline][stderr]   File "C:\Users\melvin_varghese\RealEstate\tools\excel_processor.py", line 17, in <module>
2026-05-26T04:46:59 [Pipeline][stderr]     from core.config import LOCATION_MASTER_EXCEL, UNIQUE_NAMES_CACHE
2026-05-26T04:46:59 [Pipeline][stderr] ModuleNotFoundError: No module named 'core'
2026-05-26T04:46:59 [Pipeline] Location pipeline stopped at excel_processor.
2026-05-26T04:51:20 [Pipeline] File not found: data/projects_master.xlsx
2026-05-26T04:51:20 [Pipeline] Location master changed; starting pipeline.
2026-05-26T04:51:20 [Pipeline] Running excel_processor: C:\Users\melvin_varghese\AppData\Local\Programs\Python\Python312\python.exe tools/excel_processor.py --start-row 2
2026-05-26T04:51:21 [Pipeline] Step failed: excel_processor (exit 1)
2026-05-26T04:51:21 [Pipeline][stderr] Traceback (most recent call last):
2026-05-26T04:51:21 [Pipeline][stderr]   File "C:\Users\melvin_varghese\RealEstate\tools\excel_processor.py", line 17, in <module>
2026-05-26T04:51:21 [Pipeline][stderr]     from core.config import LOCATION_MASTER_EXCEL, UNIQUE_NAMES_CACHE
2026-05-26T04:51:21 [Pipeline][stderr] ModuleNotFoundError: No module named 'core'
2026-05-26T04:51:21 [Pipeline] Location pipeline stopped at excel_processor.
2026-05-27T05:35:21 [Pipeline] File not found: data/projects_master.xlsx
2026-05-27T05:35:21 [Pipeline] Location master changed; starting pipeline.
2026-05-27T05:37:21 [Pipeline] File not found: data/projects_master.xlsx
2026-05-27T05:37:21 [Pipeline] Location master changed; starting pipeline.
2026-05-27T05:37:21 [Pipeline] Running excel_processor: C:\Users\melvin_varghese\AppData\Local\Programs\Python\Python312\python.exe tools/excel_processor.py --start-row 2
2026-05-27T05:37:22 [Pipeline] Step failed: excel_processor (exit 1)
2026-05-27T05:37:22 [Pipeline][stderr] Traceback (most recent call last):
2026-05-27T05:37:22 [Pipeline][stderr]   File "C:\Users\melvin_varghese\RealEstate\tools\excel_processor.py", line 17, in <module>
2026-05-27T05:37:22 [Pipeline][stderr]     from core.config import LOCATION_MASTER_EXCEL, UNIQUE_NAMES_CACHE
2026-05-27T05:37:22 [Pipeline][stderr] ModuleNotFoundError: No module named 'core'
2026-05-27T05:37:22 [Pipeline] Location pipeline stopped at excel_processor.
2026-05-27T05:40:09 [Pipeline] File not found: data/projects_master.xlsx
2026-05-27T05:40:09 [Pipeline] Location master changed; starting pipeline.
2026-05-27T05:40:09 [Pipeline] Running excel_processor: C:\Users\melvin_varghese\AppData\Local\Programs\Python\Python312\python.exe tools/excel_processor.py --start-row 2
2026-05-27T05:40:12 [Pipeline] Step failed: excel_processor (exit 1)
2026-05-27T05:40:12 [Pipeline][stderr] Traceback (most recent call last):
2026-05-27T05:40:12 [Pipeline][stderr]   File "C:\Users\melvin_varghese\RealEstate\tools\excel_processor.py", line 17, in <module>
2026-05-27T05:40:12 [Pipeline][stderr]     from core.config import LOCATION_MASTER_EXCEL, UNIQUE_NAMES_CACHE
2026-05-27T05:40:12 [Pipeline][stderr] ModuleNotFoundError: No module named 'core'
2026-05-27T05:40:12 [Pipeline] Location pipeline stopped at excel_processor.
2026-05-27T05:40:19 [Pipeline] File not found: data/projects_master.xlsx
2026-05-27T05:40:19 [Pipeline] Location master changed; starting pipeline.
2026-05-27T05:40:19 [Pipeline] Running excel_processor: C:\Users\melvin_varghese\AppData\Local\Programs\Python\Python312\python.exe tools/excel_processor.py --start-row 2
2026-05-27T05:40:22 [Pipeline] File not found: data/projects_master.xlsx
2026-05-27T05:40:22 [Pipeline] Location master changed; starting pipeline.
2026-05-27T05:40:22 [Pipeline] Running excel_processor: C:\Users\melvin_varghese\AppData\Local\Programs\Python\Python312\python.exe tools/excel_processor.py --start-row 2
2026-05-27T05:40:24 [Pipeline][stdout] Total rows in Excel: 10288
2026-05-27T05:40:24 [Pipeline][stdout] Unique cities count: 8
2026-05-27T05:40:24 [Pipeline][stdout] Unique communities count: 517
2026-05-27T05:40:24 [Pipeline][stdout] Unique subcommunities count: 5306
2026-05-27T05:40:24 [Pipeline][stdout] Unique properties count: 4646
2026-05-27T05:40:24 [Pipeline][stdout] Tier 3 properties count: 124
2026-05-27T05:40:24 [Pipeline] Running alias_generator: C:\Users\melvin_varghese\AppData\Local\Programs\Python\Python312\python.exe tools/alias_generator.py
2026-05-27T05:40:25 [Pipeline] File not found: data/projects_master.xlsx
2026-05-27T05:40:25 [Pipeline] Location master changed; starting pipeline.
2026-05-27T05:40:25 [Pipeline] Running excel_processor: C:\Users\melvin_varghese\AppData\Local\Programs\Python\Python312\python.exe tools/excel_processor.py --start-row 2
2026-05-27T05:40:26 [Pipeline][stdout] Total rows in Excel: 10288
2026-05-27T05:40:26 [Pipeline][stdout] Unique cities count: 8
2026-05-27T05:40:26 [Pipeline][stdout] Unique communities count: 517
2026-05-27T05:40:26 [Pipeline][stdout] Unique subcommunities count: 5306
2026-05-27T05:40:26 [Pipeline][stdout] Unique properties count: 4646
2026-05-27T05:40:26 [Pipeline][stdout] Tier 3 properties count: 124
2026-05-27T05:40:26 [Pipeline] Running alias_generator: C:\Users\melvin_varghese\AppData\Local\Programs\Python\Python312\python.exe tools/alias_generator.py
2026-05-27T05:43:16 [Pipeline] Projects master changed; starting import.
2026-05-27T05:43:31 [Pipeline][project_importer] 
2026-05-27T05:43:31 [Pipeline][project_importer] 📊 Database Statistics:
2026-05-27T05:43:31 [Pipeline][project_importer]   buy                 : 55
2026-05-27T05:43:31 [Pipeline][project_importer]   sell                : 280
2026-05-27T05:43:31 [Pipeline][project_importer]   buy_unmatched       : 22
2026-05-27T05:43:31 [Pipeline][project_importer]   sell_unmatched      : 247
2026-05-27T05:43:31 [Pipeline][project_importer]   matches             : 33
2026-05-27T05:43:31 [Pipeline][project_importer] [ProjectImporter] 1 inserted, 13 duplicates skipped
2026-05-27T05:43:31 [Pipeline] Projects import complete. 1 inserted, 13 skipped.
2026-05-27T05:43:31 [Pipeline] Location master changed; starting pipeline.
2026-05-27T05:43:31 [Pipeline] Running excel_processor: C:\Users\melvin_varghese\AppData\Local\Programs\Python\Python312\python.exe tools/excel_processor.py --start-row 2
